// Jest Snapshot v1, https://goo.gl/fbAQLP

exports[`Tests for FeaturedCards should match snapshot 1`] = `
Object {
  "asFragment": [Function],
  "baseElement": <body>
    <div>
      <a
        class="featuredCard"
        href="/events/ck5flbejv00200730x34y4le6"
      >
        <img
          alt="Event image"
          class="eventImage"
          src="https://img.evbuc.com/https%3A%2F%2Fcdn.evbuc.com%2Fimages%2F69917729%2F89373299245%2F1%2Foriginal.jpg?w=800&auto=format%2Ccompress&q=75&sharp=10&rect=0%2C693%2C4000%2C2000&s=94184073d91c25306d22d1b0401cfea9"
        />
        <div
          class="featuredCardContent"
        >
          <p>
            <time
              class="subtitle is-7"
              datetime="2020-01-22"
            >
              January 22, 2020
            </time>
          </p>
          <p
            class="is-6 Butler has-text-weight-bold"
            style="height: 48px;"
          >
            Art & Architecture - Downtown Walking Tour
          </p>
          <p>
            <time
              class="subtitle is-size-7"
              datetime="09:00"
            >
              9:00 am
            </time>
             ‐ 
            <time
              class="subtitle is-size-7"
              datetime="11:30"
            >
              11:30 am
            </time>
          </p>
          <p
            class="is-size-7 has-text-weight-bold"
          >
            <span
              class="has-text-weight-light"
            >
              Location: 
            </span>
            600 Woodward Avenue, Detroit
          </p>
        </div>
      </a>
    </div>
  </body>,
  "container": <div>
    <a
      class="featuredCard"
      href="/events/ck5flbejv00200730x34y4le6"
    >
      <img
        alt="Event image"
        class="eventImage"
        src="https://img.evbuc.com/https%3A%2F%2Fcdn.evbuc.com%2Fimages%2F69917729%2F89373299245%2F1%2Foriginal.jpg?w=800&auto=format%2Ccompress&q=75&sharp=10&rect=0%2C693%2C4000%2C2000&s=94184073d91c25306d22d1b0401cfea9"
      />
      <div
        class="featuredCardContent"
      >
        <p>
          <time
            class="subtitle is-7"
            datetime="2020-01-22"
          >
            January 22, 2020
          </time>
        </p>
        <p
          class="is-6 Butler has-text-weight-bold"
          style="height: 48px;"
        >
          Art & Architecture - Downtown Walking Tour
        </p>
        <p>
          <time
            class="subtitle is-size-7"
            datetime="09:00"
          >
            9:00 am
          </time>
           ‐ 
          <time
            class="subtitle is-size-7"
            datetime="11:30"
          >
            11:30 am
          </time>
        </p>
        <p
          class="is-size-7 has-text-weight-bold"
        >
          <span
            class="has-text-weight-light"
          >
            Location: 
          </span>
          600 Woodward Avenue, Detroit
        </p>
      </div>
    </a>
  </div>,
  "debug": [Function],
  "findAllByAltText": [Function],
  "findAllByDisplayValue": [Function],
  "findAllByLabelText": [Function],
  "findAllByPlaceholderText": [Function],
  "findAllByRole": [Function],
  "findAllByTestId": [Function],
  "findAllByText": [Function],
  "findAllByTitle": [Function],
  "findByAltText": [Function],
  "findByDisplayValue": [Function],
  "findByLabelText": [Function],
  "findByPlaceholderText": [Function],
  "findByRole": [Function],
  "findByTestId": [Function],
  "findByText": [Function],
  "findByTitle": [Function],
  "getAllByAltText": [Function],
  "getAllByDisplayValue": [Function],
  "getAllByLabelText": [Function],
  "getAllByPlaceholderText": [Function],
  "getAllByRole": [Function],
  "getAllByTestId": [Function],
  "getAllByText": [Function],
  "getAllByTitle": [Function],
  "getByAltText": [Function],
  "getByDisplayValue": [Function],
  "getByLabelText": [Function],
  "getByPlaceholderText": [Function],
  "getByRole": [Function],
  "getByTestId": [Function],
  "getByText": [Function],
  "getByTitle": [Function],
  "queryAllByAltText": [Function],
  "queryAllByDisplayValue": [Function],
  "queryAllByLabelText": [Function],
  "queryAllByPlaceholderText": [Function],
  "queryAllByRole": [Function],
  "queryAllByTestId": [Function],
  "queryAllByText": [Function],
  "queryAllByTitle": [Function],
  "queryByAltText": [Function],
  "queryByDisplayValue": [Function],
  "queryByLabelText": [Function],
  "queryByPlaceholderText": [Function],
  "queryByRole": [Function],
  "queryByTestId": [Function],
  "queryByText": [Function],
  "queryByTitle": [Function],
  "rerender": [Function],
  "unmount": [Function],
}
`;
